[DIAG] Chunk: 16000samp 16000Hz rms=0.0009
[DIAG] Chunk: 16000samp 16000Hz rms=0.0009
[DIAG] Chunk: 16000samp 16000Hz rms=0.0214
[DIAG] Chunk: 16000samp 16000Hz rms=0.0214
[DIAG] Chunk: 16000samp 16000Hz rms=0.0611
[DIAG] Chunk: 16000samp 16000Hz rms=0.0611
[DIAG] VAD SpeechStart (rms=0.0611)
[DIAG] Chunk: 16000samp 16000Hz rms=0.0509
[DIAG] Chunk: 16000samp 16000Hz rms=0.0509
[DIAG] Chunk: 16000samp 16000Hz rms=0.2740
[DIAG] Chunk: 16000samp 16000Hz rms=0.2740
[DIAG] Chunk: 16000samp 16000Hz rms=0.2876
[DIAG] Chunk: 16000samp 16000Hz rms=0.2876
[DIAG] Chunk: 16000samp 16000Hz rms=0.0378
[DIAG] Chunk: 16000samp 16000Hz rms=0.0378
[DIAG] Chunk: 16000samp 16000Hz rms=0.0314
[DIAG] Chunk: 16000samp 16000Hz rms=0.0314
[DIAG] Chunk: 16000samp 16000Hz rms=0.0157
[DIAG] Chunk: 16000samp 16000Hz rms=0.0157
[DIAG] Chunk: 16000samp 16000Hz rms=0.0227
[DIAG] Chunk: 16000samp 16000Hz rms=0.0227
[DIAG] Chunk: 16000samp 16000Hz rms=0.0177
[DIAG] Chunk: 16000samp 16000Hz rms=0.0177
[DIAG] Chunk: 16000samp 16000Hz rms=0.0218
[DIAG] Chunk: 16000samp 16000Hz rms=0.0218
[DIAG] Chunk: 16000samp 16000Hz rms=0.0120
[DIAG] Chunk: 16000samp 16000Hz rms=0.0120
[DIAG] Chunk: 16000samp 16000Hz rms=0.1560
[DIAG] Chunk: 16000samp 16000Hz rms=0.1560
[DIAG] Chunk: 16000samp 16000Hz rms=0.4804
[DIAG] Chunk: 16000samp 16000Hz rms=0.4804
[DIAG] Chunk: 16000samp 16000Hz rms=0.3556
[DIAG] Chunk: 16000samp 16000Hz rms=0.3556
[DIAG] Chunk: 16000samp 16000Hz rms=0.2061
[DIAG] Chunk: 16000samp 16000Hz rms=0.2061
[DIAG] Chunk: 16000samp 16000Hz rms=0.0222
[DIAG] Chunk: 16000samp 16000Hz rms=0.0222
[DIAG] Chunk: 16000samp 16000Hz rms=0.0218
[DIAG] Chunk: 16000samp 16000Hz rms=0.0218
[DIAG] Chunk: 16000samp 16000Hz rms=0.0119
[DIAG] Chunk: 16000samp 16000Hz rms=0.0119
[DIAG] Chunk: 16000samp 16000Hz rms=0.0119
[DIAG] Chunk: 16000samp 16000Hz rms=0.0119
[DIAG] VAD SpeechEnd (buf=288000samp, 16000Hz)
[DIAG] Trunc buf 288000 -> 32000
[DIAG] Calling STT... buf=32000samp 16000Hz
