cargo :         Info Looking up installed tauri packages to check mismatched versions...
En línea: 1 Carácter: 37
+ cd C:\Proyectos\Pelendur\src-tauri; cargo tauri build 2>&1 | Out-File ...
+                                     ~~~~~~~~~~~~~~~~~~~~~~
    + CategoryInfo          : NotSpecified: (        Info Lo...hed versions...:String) [], RemoteException
    + FullyQualifiedErrorId : NativeCommandError
 
   Compiling ghostai-pilot v0.1.0 (C:\Proyectos\Pelendur)
warning: unused imports: `debug`, `info`, and `warn`
 --> C:\Proyectos\Pelendur\src\audio.rs:3:15
  |
3 | use tracing::{debug, info, warn};
  |               ^^^^^  ^^^^  ^^^^
  |
  = note: `#[warn(unused_imports)]` (part of `#[warn(unused)]`) on by default

error[E0425]: cannot find function `transcribe_local_sync` in this scope
   --> C:\Proyectos\Pelendur\src\stt.rs:241:49
    |
241 |             tokio::task::spawn_blocking(move || transcribe_local_sync(&config, &wav))
    |                                                 ^^^^^^^^^^^^^^^^^^^^^
...
339 | async fn transcribe_local(config: &Config, audio_wav: &[u8]) -> Result<String> {
    | ------------------------------------------------------------------------------ similarly named function 
`transcribe_local` defined here
    |
help: a function with a similar name exists
    |
241 -             tokio::task::spawn_blocking(move || transcribe_local_sync(&config, &wav))
241 +             tokio::task::spawn_blocking(move || transcribe_local(&config, &wav))
    |

warning: unused variable: `config`
   --> C:\Proyectos\Pelendur\src\stt.rs:339:27
    |
339 | async fn transcribe_local(config: &Config, audio_wav: &[u8]) -> Result<String> {
    |                           ^^^^^^ help: if this is intentional, prefix it with an underscore: `_config`
    |
    = note: `#[warn(unused_variables)]` (part of `#[warn(unused)]`) on by default

For more information about this error, try `rustc --explain E0425`.
warning: `ghostai-pilot` (lib) generated 2 warnings
error: could not compile `ghostai-pilot` (lib) due to 1 previous error; 2 warnings emitted
       Error failed to build app: failed to build app
